<testsuites id="" name="" tests="3" failures="0" skipped="0" errors="0" time="9.031323">
<testsuite name="test.spec.ts" timestamp="2024-11-06T18:51:31.721Z" hostname="chromium" tests="3" failures="0" skipped="0" time="3.654" errors="0">
<testcase name="Checkly tests › Visit Checkly HQ home page" classname="test.spec.ts" time="1.227">
</testcase>
<testcase name="Checkly tests › Visit Checkly HQ docs page" classname="test.spec.ts" time="1.246">
</testcase>
<testcase name="Checkly tests › Visit Checkly HQ docs browser checks page" classname="test.spec.ts" time="1.181">
</testcase>
</testsuite>
</testsuites>